PASS  generated-o0/zero D0=00000000 instructions=53 code_bytes=160 stack_bytes=32
PASS  generated-o0/positive D0=0000002c instructions=53 code_bytes=160 stack_bytes=32
PASS  generated-o0/negative_a D0=fffffffb instructions=53 code_bytes=160 stack_bytes=32
PASS  generated-o0/negative_b D0=fffffff8 instructions=53 code_bytes=160 stack_bytes=32
PASS  generated-o0/wrap_u32 D0=00000013 instructions=53 code_bytes=160 stack_bytes=32
PASS  generated-o0/min_i32 D0=fffffff5 instructions=53 code_bytes=160 stack_bytes=32
PASS  generated-o1/zero D0=00000000 instructions=12 code_bytes=28 stack_bytes=4
PASS  generated-o1/positive D0=0000002c instructions=12 code_bytes=28 stack_bytes=4
PASS  generated-o1/negative_a D0=fffffffb instructions=12 code_bytes=28 stack_bytes=4
PASS  generated-o1/negative_b D0=fffffff8 instructions=12 code_bytes=28 stack_bytes=4
PASS  generated-o1/wrap_u32 D0=00000013 instructions=12 code_bytes=28 stack_bytes=4
PASS  generated-o1/min_i32 D0=fffffff5 instructions=12 code_bytes=28 stack_bytes=4
PASS  compiler O0/O1 match typed-IR oracle (12 cases)
PASS  compiler O1 code size reduced from 160 to 28 bytes
